     1                                  	BOOT_LOAD	equ	0x7C00
     2                                  
     3                                  	ORG		BOOT_LOAD
     4                                  
     5                                  ;; 	【マクロ】
     6                                  %include	"../include/macro.s"	
     1                              <1> %macro	cdecl	1-*.nolist
     2                              <1> 
     3                              <1> 	%rep	%0 - 1
     4                              <1> 		push	%{-1:-1}
     5                              <1> 		%rotate -1
     6                              <1> 	%endrep
     7                              <1> 	%rotate -1
     8                              <1> 
     9                              <1> 
    10                              <1> 		call	%1
    11                              <1> 
    12                              <1> 	%if	1 < %0
    13                              <1> 		add		sp, (__BITS__ >> 3) * (%0 - 1)
    14                              <1> 	%endif
    15                              <1> 
    16                              <1> %endmacro
    17                              <1> 
    18                              <1> 	
     7                                  
     8                                  
     9                                  ;;【エントリポイント】 
    10                                  entry:
    11 00000000 EB58                    	jmp	ipl
    12                                  
    13                                  
    14                                  	;; BPB(Bios Parameter Block)
    15                                  
    16 00000002 90<rept>                	times 90 - ($ - $$) db 0x90
    17                                  
    18                                  	;; IPL(Initial Program Loader)
    19                                  
    20                                  ipl:
    21 0000005A FA                      	cli							;割り込み禁止
    22                                  
    23 0000005B B80000                  	mov	ax, 0x000				;AX = 0x0000
    24 0000005E 8ED8                    	mov ds, ax					;DS = 0x0000
    25 00000060 8EC0                    	mov es, ax					;ES = 0x0000
    26 00000062 8ED0                    	mov ss, ax					;SS = 0x0000
    27 00000064 BC007C                  	mov sp, BOOT_LOAD			;SP = 0x7C00
    28                                  
    29 00000067 FB                      	sti							;割り込み許可
    30                                  
    31 00000068 8816[B200]              	mov [BOOT.DRIVE], dl		;ブートドライブ
    32                                  
    33                                  	;; 【文字列を表示】
    34 0000006C 68[9500]E8420083C4-     	cdecl	puts, .s0
    34 00000074 02                 
    35                                  
    36                                  	;; 【数値を表示】
    37 00000075 6A016A0A6A0868-         	cdecl	itoa,	8086, .s1, 8, 10, 0b0001
    37 0000007C [A600]68961FE84F00-
    37 00000084 83C40A             
    38 00000087 68[A600]E8270083C4-     	cdecl	puts, .s1
    38 0000008F 02                 
    39                                  
    40                                  
    41 00000090 E8C000                  	cdecl 	reboot
    42                                  	;; 処理の終了
    43 00000093 EBFE                    	jmp	$
    44                                  
    45                                  	;; 【データ】
    46 00000095 4E6F7720426F6F7469-     .s0		db "Now Booting...", 0x0A, 0x0D, 0
    46 0000009E 6E672E2E2E0A0D00   
    47 000000A6 2D2D2D2D2D2D2D2D0A-     .s1		db "--------", 0x0A, 0x0D, 0
    47 000000AF 0D00               
    48                                  	
    49                                  
    50 000000B1 00                      ALIGN 2, db 0 
    51                                  BOOT:							;ブートドライブに関する情報
    52 000000B2 0000                    .DRIVE:		dw	0				;ドライブ番号
    53                                  ;; 【モジュール】
    54                                  %include "../modules/real/puts.s"
     1                              <1> puts:
     2 000000B4 55                  <1> 	push	bp
     3 000000B5 89E5                <1> 	mov		bp, sp
     4                              <1> 
     5                              <1> 	;; 【レジスタの保存】
     6 000000B7 50                  <1> 	push	ax
     7 000000B8 53                  <1> 	push	bx
     8 000000B9 56                  <1> 	push	si
     9                              <1> 
    10                              <1> 	;; 【引数を取得】
    11 000000BA 8B7604              <1> 	mov		si,	[bp + 4]
    12                              <1> 
    13                              <1> 
    14                              <1> 	;; 【処理の開始】
    15 000000BD B40E                <1> 	mov		ah, 0x0E
    16 000000BF BB0000              <1> 	mov		bx, 0x0000
    17 000000C2 FC                  <1> 	cld							;DF = 0アドレス加算
    18                              <1> 
    19                              <1> .10L:
    20 000000C3 AC                  <1> 	lodsb
    21                              <1> 
    22 000000C4 3C00                <1> 	cmp		al, 0
    23 000000C6 7404                <1> 	je		.10E
    24                              <1> 
    25 000000C8 CD10                <1> 	int		0x10
    26 000000CA EBF7                <1> 	jmp		.10L
    27                              <1> .10E:
    28                              <1> 
    29 000000CC 5E                  <1> 	pop		si
    30 000000CD 5B                  <1> 	pop		bx
    31 000000CE 58                  <1> 	pop		ax
    32                              <1> 
    33 000000CF 89EC                <1> 	mov 	sp, bp
    34 000000D1 5D                  <1> 	pop		bp
    35                              <1> 
    36 000000D2 C3                  <1> 	ret
    55                                  %include "../modules/real/itoa.s"	
     1                              <1> itoa:
     2                              <1> 	;; 【スタックフレームの構築】
     3                              <1> 
     4                              <1> 
     5 000000D3 55                  <1> 	push	bp
     6 000000D4 89E5                <1> 	mov		bp, sp
     7                              <1> 
     8                              <1> 
     9                              <1> 	;; 【レジスタの保存】
    10 000000D6 50                  <1> 	push	ax
    11 000000D7 53                  <1> 	push	bx
    12 000000D8 51                  <1> 	push	cx
    13 000000D9 52                  <1> 	push	dx
    14 000000DA 56                  <1> 	push	si
    15 000000DB 57                  <1> 	push	di
    16                              <1> 
    17                              <1> 	;; 引数を取得
    18 000000DC 8B4604              <1> 	mov		ax, [bp + 4]		;val = 数値
    19 000000DF 8B7606              <1> 	mov		si, [bp + 6]		;dst = バッファアドレス
    20 000000E2 8B4E08              <1> 	mov		cx, [bp + 8]		;size = 残りバッファアサイズ
    21                              <1> 
    22 000000E5 89F7                <1> 	mov		di, si
    23 000000E7 01CF                <1> 	add		di, cx
    24 000000E9 4F                  <1> 	dec		di
    25                              <1> 
    26 000000EA 8B5E0C              <1> 	mov		bx, word [bp + 12]
    27                              <1> 
    28                              <1> 	;; 符号付き判定
    29 000000ED F7C30100            <1> 	test	bx, 0b0001
    30                              <1> .10Q:
    31 000000F1 7408                <1> 	je		.10E
    32 000000F3 83F800              <1> 	cmp		ax, 0
    33                              <1> .12Q:
    34 000000F6 7D03                <1> 	jge		.12E
    35 000000F8 83CB02              <1> 	or		bx, 0b0010
    36                              <1> .12E:
    37                              <1> .10E:	
    38                              <1> 
    39                              <1> 	;; 符号出力判定
    40 000000FB F7C30200            <1> 	test	bx, 0b0010
    41                              <1> .20Q:
    42 000000FF 7410                <1> 	je		.20E
    43 00000101 83F800              <1> 	cmp		ax, 0
    44                              <1> .22Q:
    45 00000104 7D07                <1> 	jge		.22F
    46 00000106 F7D8                <1> 	neg		ax
    47 00000108 C6042D              <1> 	mov		[si], byte '-'
    48 0000010B EB03                <1> 	jmp		.22E
    49                              <1> .22F:
    50 0000010D C6042B              <1> 	mov		[si], byte '+'
    51                              <1> .22E:
    52 00000110 49                  <1> 	dec		cx
    53                              <1> .20E:
    54                              <1> 
    55                              <1> 	;; ASCII変換
    56                              <1> 
    57 00000111 8B5E0A              <1> 	mov		bx, [bp + 10]
    58                              <1> .30L:
    59 00000114 BA0000              <1> 	mov		dx, 0
    60 00000117 F7F3                <1> 	div		bx
    61                              <1> 
    62 00000119 89D6                <1> 	mov		si, dx
    63 0000011B 8A94[4301]          <1> 	mov		dl, byte [.ascii + si] ;dl = Ascii[dx]
    64                              <1> 
    65 0000011F 8815                <1> 	mov 	[di], dl
    66 00000121 4F                  <1> 	dec		di
    67                              <1> 
    68 00000122 83F800              <1> 	cmp		ax, 0
    69 00000125 E0ED                <1> 	loopnz	.30L
    70                              <1> 
    71                              <1> .30E:
    72                              <1> 
    73                              <1> 	;; 空欄を埋める
    74 00000127 83F900              <1> 	cmp		cx, 0
    75                              <1> .40Q:
    76 0000012A 740D                <1> 	je		.40E
    77 0000012C B020                <1> 	mov		al, ' '
    78 0000012E 837E0C04            <1> 	cmp		[bp + 12], word 0b0100
    79                              <1> .42Q:
    80 00000132 7502                <1> 	jne		.42E
    81 00000134 B030                <1> 	mov		al, '0'
    82                              <1> .42E:
    83 00000136 FD                  <1> 	std
    84 00000137 F3AA                <1> 	rep	stosb
    85                              <1> 
    86                              <1> .40E:
    87                              <1> 
    88                              <1> 
    89                              <1> 	;; 【レジウスタの復帰】
    90                              <1> 
    91 00000139 5F                  <1> 	pop		di
    92 0000013A 5E                  <1> 	pop		si
    93 0000013B 5A                  <1> 	pop		dx
    94 0000013C 59                  <1> 	pop		cx
    95 0000013D 5B                  <1> 	pop		bx
    96 0000013E 58                  <1> 	pop		ax
    97                              <1> 
    98                              <1> 
    99                              <1> 	;; 【スタックフレームのは木】
   100 0000013F 89EC                <1> 	mov		sp, bp
   101 00000141 5D                  <1> 	pop		bp
   102                              <1> 
   103 00000142 C3                  <1> 	ret
   104                              <1> 
   105 00000143 303132333435363738- <1> .ascii	db	"0123456789ABCDEF"
   105 0000014C 39414243444546      <1>
   106                              <1> 	
   107                              <1> 	
    56                                  %include "../modules/real/reboot.s"
     1                              <1> reboot:
     2                              <1> 	;; メッセージ表示
     3 00000153 68[6F01]E85BFF83C4- <1> 	cdecl	puts, .s0
     3 0000015B 02                  <1>
     4                              <1> 
     5                              <1> 	;; 	キー入力
     6                              <1> 
     7                              <1> .10L:
     8 0000015C B410                <1> 	mov		ah, 0x10
     9 0000015E CD16                <1> 	int		0x16
    10                              <1> 
    11 00000160 3C20                <1> 	cmp		al, ' '
    12 00000162 75F8                <1> 	jne		.10L
    13                              <1> 
    14                              <1> 	;; 改行出力
    15 00000164 68[8D01]E84AFF83C4- <1> 	cdecl	puts, .s1
    15 0000016C 02                  <1>
    16                              <1> 
    17                              <1> 	;; 再起動
    18 0000016D CD19                <1> 	int		0x19				;BIOS(0x19)
    19                              <1> 
    20                              <1> 	;; 文字データ
    21 0000016F 0A0D50757368205350- <1> .s0		db	0x0A, 0x0D, "Push SPACE key to reboot...", 0
    21 00000178 414345206B65792074- <1>
    21 00000181 6F207265626F6F742E- <1>
    21 0000018A 2E2E00              <1>
    22 0000018D 0A0D0A0D00          <1> .s1		db	0x0A, 0x0D, 0x0A, 0x0D, 0
    23                              <1> 	
    57                                  	
    58                                  	;; 【ブートフラグ】 
    59 00000192 00<rept>                	times 510 - ($ - $$) db 0x00
    60 000001FE 55AA                    	db 0x55, 0xAA
    61                                  
    62                                  	
